[dotenv@17.3.1] injecting env (1) from .env -- tip: ÔÜí´©Å secrets for agents: https://dotenvx.com/as2


  DotVault
    Deployment
      Ô£ö Should set the owner correctly (503ms)
      Ô£ö Should initialize totalShares to 0
      Ô£ö Should initialize totalDeposited to 0
    Deposit
      Ô£ö Should reject zero deposit with ZeroAmount error
      Ô£ö Should mint 1:1 shares for the first depositor
      Ô£ö Should emit Deposited event on deposit
      Ô£ö Should track multiple depositors correctly
      Ô£ö Should preserve share price when multiple depositors contribute
      Ô£ö Should allow a depositor to deposit multiple times
    SharePrice
      Ô£ö Should start at 1:1 ratio (1e18)
      Ô£ö Should return 1e18 when totalShares is 0
      Ô£ö Should reflect deposited assets correctly
    BalanceOf
      Ô£ö Should return 0 for non-depositor
      Ô£ö Should return correct balance for depositor
      1) Should return 0 after full withdrawal
    Withdraw
      Ô£ö Should reject zero share withdrawal with ZeroAmount error
      Ô£ö Should reject withdrawal of more shares than owned with InsufficientShares error
      2) Should allow partial withdrawal
      3) Should allow full withdrawal
      4) Should emit Withdrawn event on withdrawal
      5) Should handle independent withdrawals from multiple depositors
    HarvestYield (owner-only)
      Ô£ö Should reject non-owner calling harvestYield with NotOwner error
      Ô£ö Should reject zero amount with ZeroAmount error
      Ô£ö Should allow owner to call harvestYield
    BridgeYieldToParachain (owner-only)
      Ô£ö Should reject non-owner calling bridgeYieldToParachain with NotOwner error
      Ô£ö Should reject zero amount with ZeroAmount error
      Ô£ö Should allow owner to call bridgeYieldToParachain
    Integration
      6) Should handle a sequence of deposits and withdrawals
      7) Should maintain correct totals across multiple operations


  22 passing (610ms)
  7 failing

  1) DotVault
       BalanceOf
         Should return 0 after full withdrawal:
     Error: VM Exception while processing transaction: reverted with custom error 'StakingFailed()'
    at DotVault.withdraw (contracts/DotVault.sol:208)
    at EdrProviderWrapper.request (node_modules\hardhat\src\internal\hardhat-network\provider\provider.ts:453:41)
    at async HardhatEthersSigner.sendTransaction (node_modules\@nomicfoundation\hardhat-ethers\src\signers.ts:185:18)
    at async send (node_modules\ethers\src.ts\contract\contract.ts:313:20)
    at async Proxy.withdraw (node_modules\ethers\src.ts\contract\contract.ts:352:16)
    at async Context.<anonymous> (test\DotVault.test.ts:217:7)
  

  2) DotVault
       Withdraw
         Should allow partial withdrawal:
     Error: VM Exception while processing transaction: reverted with custom error 'StakingFailed()'
    at DotVault.withdraw (contracts/DotVault.sol:208)
    at EdrProviderWrapper.request (node_modules\hardhat\src\internal\hardhat-network\provider\provider.ts:453:41)
    at async HardhatEthersSigner.sendTransaction (node_modules\@nomicfoundation\hardhat-ethers\src\signers.ts:185:18)
    at async send (node_modules\ethers\src.ts\contract\contract.ts:313:20)
    at async Proxy.withdraw (node_modules\ethers\src.ts\contract\contract.ts:352:16)
    at async Context.<anonymous> (test\DotVault.test.ts:258:7)
  

  3) DotVault
       Withdraw
         Should allow full withdrawal:
     Error: VM Exception while processing transaction: reverted with custom error 'StakingFailed()'
    at DotVault.withdraw (contracts/DotVault.sol:208)
    at EdrProviderWrapper.request (node_modules\hardhat\src\internal\hardhat-network\provider\provider.ts:453:41)
    at async HardhatEthersSigner.sendTransaction (node_modules\@nomicfoundation\hardhat-ethers\src\signers.ts:185:18)
    at async send (node_modules\ethers\src.ts\contract\contract.ts:313:20)
    at async Proxy.withdraw (node_modules\ethers\src.ts\contract\contract.ts:352:16)
    at async Context.<anonymous> (test\DotVault.test.ts:276:7)
  

  4) DotVault
       Withdraw
         Should emit Withdrawn event on withdrawal:
     Error: VM Exception while processing transaction: reverted with custom error 'StakingFailed()'
    at DotVault.withdraw (contracts/DotVault.sol:208)
    at EdrProviderWrapper.request (node_modules\hardhat\src\internal\hardhat-network\provider\provider.ts:453:41)
    at async HardhatEthersSigner.sendTransaction (node_modules\@nomicfoundation\hardhat-ethers\src\signers.ts:185:18)
    at async send (node_modules\ethers\src.ts\contract\contract.ts:313:20)
    at async Proxy.withdraw (node_modules\ethers\src.ts\contract\contract.ts:352:16)
    at async waitForPendingTransaction (node_modules\@nomicfoundation\hardhat-chai-matchers\src\internal\emit.ts:28:17)
    at async Context.<anonymous> (test\DotVault.test.ts:290:7)
  

  5) DotVault
       Withdraw
         Should handle independent withdrawals from multiple depositors:
     Error: VM Exception while processing transaction: reverted with custom error 'StakingFailed()'
    at DotVault.withdraw (contracts/DotVault.sol:208)
    at EdrProviderWrapper.request (node_modules\hardhat\src\internal\hardhat-network\provider\provider.ts:453:41)
    at async HardhatEthersSigner.sendTransaction (node_modules\@nomicfoundation\hardhat-ethers\src\signers.ts:185:18)
    at async send (node_modules\ethers\src.ts\contract\contract.ts:313:20)
    at async Proxy.withdraw (node_modules\ethers\src.ts\contract\contract.ts:352:16)
    at async Context.<anonymous> (test\DotVault.test.ts:308:7)
  

  6) DotVault
       Integration
         Should handle a sequence of deposits and withdrawals:
     Error: VM Exception while processing transaction: reverted with custom error 'StakingFailed()'
    at DotVault.withdraw (contracts/DotVault.sol:208)
    at EdrProviderWrapper.request (node_modules\hardhat\src\internal\hardhat-network\provider\provider.ts:453:41)
    at async HardhatEthersSigner.sendTransaction (node_modules\@nomicfoundation\hardhat-ethers\src\signers.ts:185:18)
    at async send (node_modules\ethers\src.ts\contract\contract.ts:313:20)
    at async Proxy.withdraw (node_modules\ethers\src.ts\contract\contract.ts:352:16)
    at async Context.<anonymous> (test\DotVault.test.ts:428:7)
  

  7) DotVault
       Integration
         Should maintain correct totals across multiple operations:
     Error: VM Exception while processing transaction: reverted with custom error 'StakingFailed()'
    at DotVault.withdraw (contracts/DotVault.sol:208)
    at EdrProviderWrapper.request (node_modules\hardhat\src\internal\hardhat-network\provider\provider.ts:453:41)
    at async HardhatEthersSigner.sendTransaction (node_modules\@nomicfoundation\hardhat-ethers\src\signers.ts:185:18)
    at async send (node_modules\ethers\src.ts\contract\contract.ts:313:20)
    at async Proxy.withdraw (node_modules\ethers\src.ts\contract\contract.ts:352:16)
    at async Context.<anonymous> (test\DotVault.test.ts:464:11)
  



